// Vitest Snapshot v1, https://vitest.dev/guide/snapshot.html

exports[`Render image 1`] = `
.emotion-0 {
  box-sizing: border-box;
}

<div>
  <img
    alt="Social media preview"
    class="emotion-0"
    src="https://bojagi.io/images/bojagi-social-preview.jpg"
  />
</div>
`;
