// Jest Snapshot v1, https://goo.gl/fbAQLP

exports[`Render toolbar 1`] = `
.emotion-0 {
  box-sizing: border-box;
  display: -webkit-box;
  display: -webkit-flex;
  display: -ms-flexbox;
  display: flex;
  margin: 0 -clamp(0.25rem, 0.2142857142857143rem + 0.17857142857142858vw, 0.375rem);
  height: calc(24px + 2 * clamp(0.25rem, 0.2142857142857143rem + 0.17857142857142858vw, 0.375rem));
  -webkit-align-items: center;
  -webkit-box-align: center;
  -ms-flex-align: center;
  align-items: center;
}

.emotion-1 {
  box-sizing: border-box;
  width: 24px;
  height: 24px;
  background-color: transparent;
  color: var(--pbl-theme-colors-common-black);
  border: 0;
  padding: 0;
  outline: 0;
  box-sizing: border-box;
  -webkit-transition: background-color 0.2s,color 0.2s;
  transition: background-color 0.2s,color 0.2s;
  border-radius: 6px;
  display: -webkit-box;
  display: -webkit-flex;
  display: -ms-flexbox;
  display: flex;
  -webkit-box-pack: center;
  -ms-flex-pack: center;
  -webkit-justify-content: center;
  justify-content: center;
  -webkit-align-items: center;
  -webkit-box-align: center;
  -ms-flex-align: center;
  align-items: center;
  -webkit-flex-shrink: 0;
  -ms-flex-negative: 0;
  flex-shrink: 0;
  margin-left: clamp(0.25rem, 0.2142857142857143rem + 0.17857142857142858vw, 0.375rem);
  margin-right: clamp(0.25rem, 0.2142857142857143rem + 0.17857142857142858vw, 0.375rem);
}

.emotion-1>* {
  width: 20px;
  height: 20px;
  -webkit-transition: -webkit-transform 0.2s;
  transition: transform 0.2s;
  -webkit-transform: scale(
        1
      );
  -moz-transform: scale(
        1
      );
  -ms-transform: scale(
        1
      );
  transform: scale(
        1
      );
}

.emotion-1:enabled {
  cursor: pointer;
}

.emotion-1:disabled {
  opacity: 0.3;
  cursor: normal;
}

.emotion-1:hover:enabled {
  background-color: var(--pbl-theme-colors-blackOpacity-50);
  color: var(--pbl-theme-colors-common-black);
}

.emotion-1:focus:enabled {
  background-color: var(--pbl-theme-colors-blackOpacity-100);
  color: var(--pbl-theme-colors-common-black);
}

.emotion-4 {
  box-sizing: border-box;
  margin: 0 clamp(0.25rem, 0.2142857142857143rem + 0.17857142857142858vw, 0.375rem);
  width: 1px;
  -webkit-align-self: stretch;
  -ms-flex-item-align: stretch;
  align-self: stretch;
  background-color: var(--pbl-theme-colors-borders-light);
}

<div>
  <div
    aria-orientation="horizontal"
    class="emotion-0"
    role="toolbar"
  >
    <button
      aria-pressed="false"
      class="emotion-1"
      color="plain"
      data-testid="pbl-toolbar-item-button"
      role="toolbar"
    >
      <div>
        bold-icon
      </div>
    </button>
    <button
      aria-pressed="false"
      class="emotion-1"
      color="plain"
      data-testid="pbl-toolbar-item-button"
      role="toolbar"
    >
      <div>
        underline-icon
      </div>
    </button>
    <button
      aria-pressed="false"
      class="emotion-1"
      color="plain"
      data-testid="pbl-toolbar-item-button"
      role="toolbar"
    >
      <div>
        italic-icon
      </div>
    </button>
    <div
      aria-orientation="vertical"
      class="emotion-4"
      role="separator"
    />
    <button
      aria-pressed="false"
      class="emotion-1"
      color="plain"
      data-testid="pbl-toolbar-item-button"
      role="toolbar"
    >
      <div>
        edit-icon
      </div>
    </button>
    <button
      aria-pressed="false"
      class="emotion-1"
      color="plain"
      data-testid="pbl-toolbar-item-button"
      role="toolbar"
    >
      <div>
        crop-icon
      </div>
    </button>
    <button
      aria-pressed="false"
      class="emotion-1"
      color="plain"
      data-testid="pbl-toolbar-item-button"
      disabled=""
      role="toolbar"
    >
      <div>
        disabled-icon
      </div>
    </button>
  </div>
</div>
`;
