// Vitest Snapshot v1, https://vitest.dev/guide/snapshot.html

exports[`Render Portal component 1`] = `
<body>
  <div />
  <div
    data-testid="pbl-portal-mountpoint"
  >
    <div
      data-testid="outside-elem"
    >
      Outside content
    </div>
  </div>
</body>
`;
